// Jest Snapshot v1, https://goo.gl/fbAQLP

exports[`LunchPage works it should render correnctly 1`] = `
<div
  className="overflow-auto HideScrollbars inline-block relative min-w-full min-h-fit h-full object-cover"
  data-testid="LunchPage"
>
  <section>
    <h1
      className="text-center pt-16"
    >
      <span
        className="HeaderText"
      >
        Lunch
      </span>
    </h1>
  </section>
  <section
    className="LinkTopContainer"
  >
    <a
      href="/"
      onClick={[Function]}
    >
      <span
        className="LinkTop"
      >
        &lt; home
      </span>
    </a>
  </section>
  <section
    className="m-4 "
  >
    <div
      className="SelectorContainer"
      data-testid="RestaurantSelect"
    >
      <div
        className="relative mt-1"
      >
        <button
          aria-expanded={false}
          aria-haspopup={true}
          className="relative w-full cursor-default rounded-lg bg-white py-2 pl-3 pr-10 text-left shadow-md focus:outline-none focus-visible:border-indigo-500 focus-visible:ring-2 focus-visible:ring-white focus-visible:ring-opacity-75 focus-visible:ring-offset-2 focus-visible:ring-offset-orange-300"
          data-headlessui-state=""
          disabled={false}
          id="headlessui-listbox-button-:r0:"
          onClick={[Function]}
          onKeyDown={[Function]}
          onKeyUp={[Function]}
          type="button"
        >
          <span
            className="SearchField"
          />
          <span
            className="SearchIcon absolute inset-y-0 right-3 flex items-center pl-3 text-amber-600"
          >
            <svg
              aria-hidden="true"
              className="svg-inline--fa fa-utensils "
              data-icon="utensils"
              data-prefix="fas"
              focusable="false"
              role="img"
              style={Object {}}
              viewBox="0 0 448 512"
              xmlns="http://www.w3.org/2000/svg"
            >
              <path
                d="M416 0C400 0 288 32 288 176V288c0 35.3 28.7 64 64 64h32V480c0 17.7 14.3 32 32 32s32-14.3 32-32V352 240 32c0-17.7-14.3-32-32-32zM64 16C64 7.8 57.9 1 49.7 .1S34.2 4.6 32.4 12.5L2.1 148.8C.7 155.1 0 161.5 0 167.9c0 45.9 35.1 83.6 80 87.7V480c0 17.7 14.3 32 32 32s32-14.3 32-32V255.6c44.9-4.1 80-41.8 80-87.7c0-6.4-.7-12.8-2.1-19.1L191.6 12.5c-1.8-8-9.3-13.3-17.4-12.4S160 7.8 160 16V150.2c0 5.4-4.4 9.8-9.8 9.8c-5.1 0-9.3-3.9-9.8-9L127.9 14.6C127.2 6.3 120.3 0 112 0s-15.2 6.3-15.9 14.6L83.7 151c-.5 5.1-4.7 9-9.8 9c-5.4 0-9.8-4.4-9.8-9.8V16zm48.3 152l-.3 0-.3 0 .3-.7 .3 .7z"
                fill="currentColor"
                style={Object {}}
              />
            </svg>
          </span>
        </button>
      </div>
    </div>
  </section>
  <section
    className="pt-4 pb-8 flex w-100 flex-wrap justify-center transition-all ease-in-out duration-300"
  />
</div>
`;
